// Jest Snapshot v1, https://goo.gl/fbAQLP

exports[`JeopardyForm component renders the UI as expected 1`] = `
<div>
  <form
    onSubmit={[Function]}
  >
    <label
      htmlFor="num-qs2"
    >
      How many questions would you like?
    </label>
    <input
      id="num-qs2"
      max="100"
      min="5"
      onChange={[Function]}
      required={true}
      type="number"
      value={10}
    />
    <button
      type="submit"
    >
      Let's Play Jeopardy!
    </button>
  </form>
</div>
`;
